21:57:09 === stage train ===
21:57:30 train s=0.0 upd 50/3000 loss 0.4778 t=16s
21:59:30 train s=0.0 upd 600/3000 loss 0.2565 t=136s
22:01:23 train s=0.0 upd 1200/3000 loss 0.2230 t=249s
22:03:16 train s=0.0 upd 1800/3000 loss 0.2008 t=362s
22:05:08 train s=0.0 upd 2400/3000 loss 0.1841 t=474s
22:06:52 train s=0.0 upd 3000/3000 loss 0.1487 t=578s
22:07:03 train s=0.125 upd 50/3000 loss 0.4884 t=11s
22:08:51 train s=0.125 upd 600/3000 loss 0.2572 t=119s
22:10:47 train s=0.125 upd 1200/3000 loss 0.2236 t=234s
22:12:37 train s=0.125 upd 1800/3000 loss 0.2034 t=345s
22:14:22 train s=0.125 upd 2400/3000 loss 0.1862 t=449s
22:16:07 train s=0.125 upd 3000/3000 loss 0.1493 t=554s
22:16:14 robust s=0.125 upd 50/3000 loss 0.4856 t=5s
22:16:44 robust s=0.125 upd 600/3000 loss 0.2580 t=35s
22:17:16 robust s=0.125 upd 1200/3000 loss 0.2231 t=68s
22:17:49 robust s=0.125 upd 1800/3000 loss 0.2021 t=100s
22:18:21 robust s=0.125 upd 2400/3000 loss 0.1897 t=133s
22:18:54 robust s=0.125 upd 3000/3000 loss 0.1587 t=166s
22:19:08 train s=0.25 upd 50/3000 loss 0.4909 t=14s
22:21:05 train s=0.25 upd 600/3000 loss 0.2556 t=131s
22:23:07 train s=0.25 upd 1200/3000 loss 0.2219 t=252s
22:25:08 train s=0.25 upd 1800/3000 loss 0.2011 t=374s
22:27:09 train s=0.25 upd 2400/3000 loss 0.1845 t=495s
22:29:10 train s=0.25 upd 3000/3000 loss 0.1481 t=615s
22:29:16 robust s=0.25 upd 50/3000 loss 0.5181 t=6s
22:29:49 robust s=0.25 upd 600/3000 loss 0.2660 t=38s
22:30:24 robust s=0.25 upd 1200/3000 loss 0.2350 t=73s
22:30:59 robust s=0.25 upd 1800/3000 loss 0.2161 t=108s
22:31:34 robust s=0.25 upd 2400/3000 loss 0.1985 t=143s
22:32:09 robust s=0.25 upd 3000/3000 loss 0.1747 t=179s
22:32:22 train s=0.5 upd 50/3000 loss 0.5754 t=13s
22:34:09 train s=0.5 upd 600/3000 loss 0.2551 t=119s
22:35:54 train s=0.5 upd 1200/3000 loss 0.2215 t=225s
22:38:03 train s=0.5 upd 1800/3000 loss 0.1998 t=354s
22:40:41 train s=0.5 upd 2400/3000 loss 0.1858 t=512s
22:42:59 train s=0.5 upd 3000/3000 loss 0.1486 t=649s
22:43:06 robust s=0.5 upd 50/3000 loss 0.6480 t=7s
22:43:45 robust s=0.5 upd 600/3000 loss 0.2864 t=46s
22:44:20 robust s=0.5 upd 1200/3000 loss 0.2563 t=81s
22:44:55 robust s=0.5 upd 1800/3000 loss 0.2371 t=116s
22:45:30 robust s=0.5 upd 2400/3000 loss 0.2215 t=150s
22:46:04 robust s=0.5 upd 3000/3000 loss 0.2085 t=185s
22:46:18 train s=1.0 upd 50/3000 loss 1.1750 t=13s
22:48:12 train s=1.0 upd 600/3000 loss 0.2521 t=128s
22:50:27 train s=1.0 upd 1200/3000 loss 0.2174 t=262s
22:52:28 train s=1.0 upd 1800/3000 loss 0.1963 t=383s
22:54:24 train s=1.0 upd 2400/3000 loss 0.1819 t=499s
22:56:55 train s=1.0 upd 3000/3000 loss 0.1465 t=651s
22:57:03 robust s=1.0 upd 50/3000 loss 1.9921 t=7s
22:57:40 robust s=1.0 upd 600/3000 loss 0.3907 t=44s
22:58:19 robust s=1.0 upd 1200/3000 loss 0.3501 t=84s
22:58:59 robust s=1.0 upd 1800/3000 loss 0.3285 t=124s
22:59:40 robust s=1.0 upd 2400/3000 loss 0.3087 t=164s
23:00:19 robust s=1.0 upd 3000/3000 loss 0.2934 t=204s
23:00:35 train s=2.0 upd 50/3000 loss 3.3198 t=15s
23:02:48 train s=2.0 upd 600/3000 loss 0.5128 t=149s
23:05:12 train s=2.0 upd 1200/3000 loss 0.3839 t=292s
23:07:37 train s=2.0 upd 1800/3000 loss 0.2928 t=438s
23:10:00 train s=2.0 upd 2400/3000 loss 0.2260 t=580s
23:12:24 train s=2.0 upd 3000/3000 loss 0.1760 t=724s
23:12:31 robust s=2.0 upd 50/3000 loss 4.4206 t=6s
23:13:04 robust s=2.0 upd 600/3000 loss 1.3520 t=39s
23:13:40 robust s=2.0 upd 1200/3000 loss 1.1294 t=75s
23:14:15 robust s=2.0 upd 1800/3000 loss 1.0326 t=111s
23:14:52 robust s=2.0 upd 2400/3000 loss 0.8967 t=147s
23:15:28 robust s=2.0 upd 3000/3000 loss 0.8095 t=183s
23:15:42 train s=4.0 upd 50/3000 loss 8.5399 t=14s
23:17:45 train s=4.0 upd 600/3000 loss 5.9588 t=137s
23:19:59 train s=4.0 upd 1200/3000 loss 4.8798 t=270s
23:22:13 train s=4.0 upd 1800/3000 loss 3.8786 t=405s
23:24:24 train s=4.0 upd 2400/3000 loss 2.7119 t=536s
23:26:36 train s=4.0 upd 3000/3000 loss 1.2693 t=668s
23:26:43 robust s=4.0 upd 50/3000 loss 7.4071 t=6s
23:27:16 robust s=4.0 upd 600/3000 loss 9.6872 t=40s
23:27:53 robust s=4.0 upd 1200/3000 loss 8.9334 t=76s
23:28:29 robust s=4.0 upd 1800/3000 loss 7.8231 t=113s
23:29:06 robust s=4.0 upd 2400/3000 loss 6.3922 t=150s
23:29:43 robust s=4.0 upd 3000/3000 loss 4.8138 t=186s
23:29:43 === stage port ===
23:33:53 port s=0.0 done
23:38:26 port s=0.125 done
23:42:59 port s=0.25 done
23:47:33 port s=0.5 done
23:52:10 port s=1.0 done
23:56:48 port s=2.0 done
00:01:19 port s=4.0 done
00:01:20 === stage readouts ===
00:01:52 readouts s=0.5: teacher train-acc [0.9121 0.9113 0.914  0.9121 0.9134 0.915  0.913  0.911 ]
00:02:24 readouts s=1.0: teacher train-acc [0.9116 0.9129 0.9104 0.9119 0.914  0.9145 0.9123 0.9145]
00:02:56 readouts s=2.0: teacher train-acc [0.9046 0.9066 0.8991 0.9096 0.9054 0.9054 0.9069 0.8938]
00:02:56 === stage distill ===
00:03:38 distill s=0.5 [0:40] upd 50/1000 loss 0.4936 t=37s
00:05:20 distill s=0.5 [0:40] upd 200/1000 loss 0.1692 t=138s
00:07:35 distill s=0.5 [0:40] upd 400/1000 loss 0.1424 t=274s
00:09:50 distill s=0.5 [0:40] upd 600/1000 loss 0.1219 t=409s
00:12:05 distill s=0.5 [0:40] upd 800/1000 loss 0.0985 t=544s
00:14:20 distill s=0.5 [0:40] upd 1000/1000 loss 0.0748 t=679s
00:15:29 distill s=0.5 [40:80] upd 50/1000 loss 0.5124 t=36s
00:17:09 distill s=0.5 [40:80] upd 200/1000 loss 0.1833 t=136s
00:19:23 distill s=0.5 [40:80] upd 400/1000 loss 0.1556 t=270s
00:21:37 distill s=0.5 [40:80] upd 600/1000 loss 0.1360 t=404s
00:23:50 distill s=0.5 [40:80] upd 800/1000 loss 0.1127 t=537s
00:26:04 distill s=0.5 [40:80] upd 1000/1000 loss 0.0878 t=671s
00:27:13 distill s=0.5 [80:120] upd 50/1000 loss 0.5409 t=37s
00:28:54 distill s=0.5 [80:120] upd 200/1000 loss 0.1836 t=137s
00:31:08 distill s=0.5 [80:120] upd 400/1000 loss 0.1577 t=271s
00:33:21 distill s=0.5 [80:120] upd 600/1000 loss 0.1376 t=404s
00:35:35 distill s=0.5 [80:120] upd 800/1000 loss 0.1155 t=538s
00:37:47 distill s=0.5 [80:120] upd 1000/1000 loss 0.0907 t=671s
00:38:55 distill s=0.5 [120:160] upd 50/1000 loss 0.5465 t=35s
00:40:33 distill s=0.5 [120:160] upd 200/1000 loss 0.1748 t=134s
00:42:45 distill s=0.5 [120:160] upd 400/1000 loss 0.1444 t=266s
00:44:57 distill s=0.5 [120:160] upd 600/1000 loss 0.1233 t=397s
00:47:10 distill s=0.5 [120:160] upd 800/1000 loss 0.1005 t=530s
00:49:22 distill s=0.5 [120:160] upd 1000/1000 loss 0.0756 t=663s
00:50:29 distill s=0.5 [160:200] upd 50/1000 loss 0.5168 t=35s
00:52:09 distill s=0.5 [160:200] upd 200/1000 loss 0.1813 t=135s
00:54:26 distill s=0.5 [160:200] upd 400/1000 loss 0.1569 t=271s
00:56:39 distill s=0.5 [160:200] upd 600/1000 loss 0.1364 t=405s
00:58:53 distill s=0.5 [160:200] upd 800/1000 loss 0.1145 t=539s
01:01:07 distill s=0.5 [160:200] upd 1000/1000 loss 0.0898 t=673s
01:02:16 distill s=0.5 [200:240] upd 50/1000 loss 0.5034 t=36s
01:03:55 distill s=0.5 [200:240] upd 200/1000 loss 0.1821 t=135s
01:06:08 distill s=0.5 [200:240] upd 400/1000 loss 0.1578 t=268s
01:08:20 distill s=0.5 [200:240] upd 600/1000 loss 0.1396 t=400s
01:10:33 distill s=0.5 [200:240] upd 800/1000 loss 0.1174 t=533s
01:12:47 distill s=0.5 [200:240] upd 1000/1000 loss 0.0928 t=667s
01:13:56 distill s=0.5 [240:280] upd 50/1000 loss 0.5601 t=36s
01:15:36 distill s=0.5 [240:280] upd 200/1000 loss 0.1707 t=136s
01:17:49 distill s=0.5 [240:280] upd 400/1000 loss 0.1438 t=269s
01:20:01 distill s=0.5 [240:280] upd 600/1000 loss 0.1229 t=402s
01:22:16 distill s=0.5 [240:280] upd 800/1000 loss 0.1004 t=537s
01:24:28 distill s=0.5 [240:280] upd 1000/1000 loss 0.0759 t=669s
01:25:36 distill s=0.5 [280:320] upd 50/1000 loss 0.5289 t=35s
01:27:15 distill s=0.5 [280:320] upd 200/1000 loss 0.1814 t=135s
01:29:28 distill s=0.5 [280:320] upd 400/1000 loss 0.1566 t=268s
01:31:42 distill s=0.5 [280:320] upd 600/1000 loss 0.1365 t=402s
01:33:55 distill s=0.5 [280:320] upd 800/1000 loss 0.1157 t=535s
01:36:08 distill s=0.5 [280:320] upd 1000/1000 loss 0.0901 t=667s
01:37:16 distill s=0.5 [320:360] upd 50/1000 loss 0.5082 t=36s
01:38:55 distill s=0.5 [320:360] upd 200/1000 loss 0.1827 t=135s
01:41:08 distill s=0.5 [320:360] upd 400/1000 loss 0.1587 t=267s
01:43:23 distill s=0.5 [320:360] upd 600/1000 loss 0.1398 t=403s
01:45:37 distill s=0.5 [320:360] upd 800/1000 loss 0.1173 t=537s
01:47:50 distill s=0.5 [320:360] upd 1000/1000 loss 0.0927 t=670s
01:48:21 distill s=0.5 done
01:48:58 distill s=1.0 [0:40] upd 50/1000 loss 1.0460 t=36s
01:50:35 distill s=1.0 [0:40] upd 200/1000 loss 0.1778 t=133s
01:52:46 distill s=1.0 [0:40] upd 400/1000 loss 0.1452 t=264s
01:54:57 distill s=1.0 [0:40] upd 600/1000 loss 0.1226 t=395s
01:57:08 distill s=1.0 [0:40] upd 800/1000 loss 0.1005 t=526s
01:59:20 distill s=1.0 [0:40] upd 1000/1000 loss 0.0746 t=658s
02:00:29 distill s=1.0 [40:80] upd 50/1000 loss 1.0195 t=36s
02:02:08 distill s=1.0 [40:80] upd 200/1000 loss 0.1916 t=135s
02:04:22 distill s=1.0 [40:80] upd 400/1000 loss 0.1603 t=269s
02:06:36 distill s=1.0 [40:80] upd 600/1000 loss 0.1374 t=403s
02:08:49 distill s=1.0 [40:80] upd 800/1000 loss 0.1167 t=537s
02:11:03 distill s=1.0 [40:80] upd 1000/1000 loss 0.0899 t=670s
02:12:11 distill s=1.0 [80:120] upd 50/1000 loss 1.0160 t=36s
02:13:50 distill s=1.0 [80:120] upd 200/1000 loss 0.1959 t=134s
02:16:02 distill s=1.0 [80:120] upd 400/1000 loss 0.1654 t=267s
02:18:16 distill s=1.0 [80:120] upd 600/1000 loss 0.1436 t=400s
02:20:28 distill s=1.0 [80:120] upd 800/1000 loss 0.1220 t=532s
02:22:40 distill s=1.0 [80:120] upd 1000/1000 loss 0.0950 t=665s
02:23:49 distill s=1.0 [120:160] upd 50/1000 loss 0.8658 t=35s
02:25:29 distill s=1.0 [120:160] upd 200/1000 loss 0.1769 t=136s
02:27:42 distill s=1.0 [120:160] upd 400/1000 loss 0.1450 t=269s
02:29:56 distill s=1.0 [120:160] upd 600/1000 loss 0.1238 t=403s
02:32:10 distill s=1.0 [120:160] upd 800/1000 loss 0.1011 t=537s
02:34:23 distill s=1.0 [120:160] upd 1000/1000 loss 0.0744 t=670s
02:35:31 distill s=1.0 [160:200] upd 50/1000 loss 0.8266 t=35s
02:37:11 distill s=1.0 [160:200] upd 200/1000 loss 0.1822 t=135s
02:39:27 distill s=1.0 [160:200] upd 400/1000 loss 0.1545 t=271s
02:41:39 distill s=1.0 [160:200] upd 600/1000 loss 0.1353 t=403s
02:43:53 distill s=1.0 [160:200] upd 800/1000 loss 0.1135 t=537s
02:46:07 distill s=1.0 [160:200] upd 1000/1000 loss 0.0880 t=671s
02:47:15 distill s=1.0 [200:240] upd 50/1000 loss 0.7872 t=35s
02:48:53 distill s=1.0 [200:240] upd 200/1000 loss 0.1814 t=133s
02:51:05 distill s=1.0 [200:240] upd 400/1000 loss 0.1553 t=265s
02:53:19 distill s=1.0 [200:240] upd 600/1000 loss 0.1354 t=398s
02:55:32 distill s=1.0 [200:240] upd 800/1000 loss 0.1144 t=532s
02:57:46 distill s=1.0 [200:240] upd 1000/1000 loss 0.0898 t=666s
02:58:55 distill s=1.0 [240:280] upd 50/1000 loss 0.6825 t=36s
03:00:34 distill s=1.0 [240:280] upd 200/1000 loss 0.1643 t=135s
03:02:47 distill s=1.0 [240:280] upd 400/1000 loss 0.1352 t=268s
03:05:00 distill s=1.0 [240:280] upd 600/1000 loss 0.1145 t=401s
03:07:12 distill s=1.0 [240:280] upd 800/1000 loss 0.0899 t=533s
03:09:24 distill s=1.0 [240:280] upd 1000/1000 loss 0.0687 t=666s
03:10:32 distill s=1.0 [280:320] upd 50/1000 loss 1.0101 t=35s
03:12:12 distill s=1.0 [280:320] upd 200/1000 loss 0.1849 t=135s
03:14:25 distill s=1.0 [280:320] upd 400/1000 loss 0.1549 t=268s
03:16:40 distill s=1.0 [280:320] upd 600/1000 loss 0.1332 t=403s
03:18:53 distill s=1.0 [280:320] upd 800/1000 loss 0.1086 t=536s
03:21:06 distill s=1.0 [280:320] upd 1000/1000 loss 0.0839 t=670s
03:22:14 distill s=1.0 [320:360] upd 50/1000 loss 1.2241 t=35s
03:24:01 distill s=1.0 [320:360] upd 200/1000 loss 0.1895 t=142s
03:26:21 distill s=1.0 [320:360] upd 400/1000 loss 0.1594 t=283s
03:28:38 distill s=1.0 [320:360] upd 600/1000 loss 0.1393 t=419s
03:30:54 distill s=1.0 [320:360] upd 800/1000 loss 0.1165 t=555s
03:33:09 distill s=1.0 [320:360] upd 1000/1000 loss 0.0899 t=690s
03:33:41 distill s=1.0 done
03:34:18 distill s=2.0 [0:40] upd 50/1000 loss 3.1166 t=36s
03:36:00 distill s=2.0 [0:40] upd 200/1000 loss 0.3176 t=138s
03:38:15 distill s=2.0 [0:40] upd 400/1000 loss 0.2208 t=273s
03:40:30 distill s=2.0 [0:40] upd 600/1000 loss 0.1630 t=408s
03:42:45 distill s=2.0 [0:40] upd 800/1000 loss 0.1202 t=542s
03:44:58 distill s=2.0 [0:40] upd 1000/1000 loss 0.0843 t=676s
03:46:08 distill s=2.0 [40:80] upd 50/1000 loss 3.3011 t=36s
03:47:48 distill s=2.0 [40:80] upd 200/1000 loss 0.4056 t=135s
03:50:03 distill s=2.0 [40:80] upd 400/1000 loss 0.2781 t=270s
03:52:18 distill s=2.0 [40:80] upd 600/1000 loss 0.2017 t=405s
03:54:33 distill s=2.0 [40:80] upd 800/1000 loss 0.1451 t=540s
03:56:48 distill s=2.0 [40:80] upd 1000/1000 loss 0.1026 t=676s
03:57:57 distill s=2.0 [80:120] upd 50/1000 loss 3.3755 t=36s
03:59:36 distill s=2.0 [80:120] upd 200/1000 loss 0.5207 t=135s
04:01:49 distill s=2.0 [80:120] upd 400/1000 loss 0.3377 t=268s
04:04:04 distill s=2.0 [80:120] upd 600/1000 loss 0.2319 t=403s
04:06:19 distill s=2.0 [80:120] upd 800/1000 loss 0.1582 t=538s
04:08:34 distill s=2.0 [80:120] upd 1000/1000 loss 0.1094 t=673s
04:09:44 distill s=2.0 [120:160] upd 50/1000 loss 3.1491 t=36s
04:11:24 distill s=2.0 [120:160] upd 200/1000 loss 0.5240 t=137s
04:13:39 distill s=2.0 [120:160] upd 400/1000 loss 0.3427 t=272s
04:15:55 distill s=2.0 [120:160] upd 600/1000 loss 0.2362 t=408s
04:18:10 distill s=2.0 [120:160] upd 800/1000 loss 0.1500 t=543s
04:20:27 distill s=2.0 [120:160] upd 1000/1000 loss 0.0917 t=679s
04:21:36 distill s=2.0 [160:200] upd 50/1000 loss 2.8890 t=36s
04:23:17 distill s=2.0 [160:200] upd 200/1000 loss 0.3653 t=137s
04:25:32 distill s=2.0 [160:200] upd 400/1000 loss 0.2550 t=272s
04:27:48 distill s=2.0 [160:200] upd 600/1000 loss 0.1894 t=408s
04:30:04 distill s=2.0 [160:200] upd 800/1000 loss 0.1404 t=544s
04:32:19 distill s=2.0 [160:200] upd 1000/1000 loss 0.1027 t=679s
04:33:30 distill s=2.0 [200:240] upd 50/1000 loss 2.5930 t=36s
04:35:11 distill s=2.0 [200:240] upd 200/1000 loss 0.3077 t=137s
04:37:26 distill s=2.0 [200:240] upd 400/1000 loss 0.2212 t=272s
04:39:41 distill s=2.0 [200:240] upd 600/1000 loss 0.1692 t=408s
04:41:56 distill s=2.0 [200:240] upd 800/1000 loss 0.1327 t=543s
04:44:12 distill s=2.0 [200:240] upd 1000/1000 loss 0.1016 t=678s
04:45:22 distill s=2.0 [240:280] upd 50/1000 loss 3.4783 t=37s
04:47:04 distill s=2.0 [240:280] upd 200/1000 loss 0.5835 t=139s
04:49:21 distill s=2.0 [240:280] upd 400/1000 loss 0.3630 t=276s
04:51:35 distill s=2.0 [240:280] upd 600/1000 loss 0.2453 t=410s
04:53:48 distill s=2.0 [240:280] upd 800/1000 loss 0.1516 t=543s
04:56:02 distill s=2.0 [240:280] upd 1000/1000 loss 0.0902 t=677s
04:57:11 distill s=2.0 [280:320] upd 50/1000 loss 3.3461 t=36s
04:58:51 distill s=2.0 [280:320] upd 200/1000 loss 0.4492 t=136s
05:01:06 distill s=2.0 [280:320] upd 400/1000 loss 0.2902 t=271s
05:03:21 distill s=2.0 [280:320] upd 600/1000 loss 0.2076 t=406s
05:05:36 distill s=2.0 [280:320] upd 800/1000 loss 0.1463 t=541s
05:07:51 distill s=2.0 [280:320] upd 1000/1000 loss 0.1008 t=676s
05:09:00 distill s=2.0 [320:360] upd 50/1000 loss 3.0999 t=36s
05:10:43 distill s=2.0 [320:360] upd 200/1000 loss 0.4078 t=139s
05:12:59 distill s=2.0 [320:360] upd 400/1000 loss 0.2700 t=275s
05:15:16 distill s=2.0 [320:360] upd 600/1000 loss 0.1954 t=412s
05:17:32 distill s=2.0 [320:360] upd 800/1000 loss 0.1420 t=548s
05:19:48 distill s=2.0 [320:360] upd 1000/1000 loss 0.1015 t=684s
05:20:21 distill s=2.0 done
05:20:24 === stage train ===
05:20:37 train s=0.0 upd 50/3000 loss 2.0943 t=10s
05:21:58 train s=0.0 upd 600/3000 loss 0.3187 t=91s
05:23:26 train s=0.0 upd 1200/3000 loss 0.2681 t=180s
05:24:55 train s=0.0 upd 1800/3000 loss 0.2365 t=268s
05:26:26 train s=0.0 upd 2400/3000 loss 0.2143 t=359s
05:27:55 train s=0.0 upd 3000/3000 loss 0.1758 t=448s
05:28:06 train s=0.125 upd 50/3000 loss 2.0452 t=11s
05:29:35 train s=0.125 upd 600/3000 loss 0.3153 t=99s
05:31:11 train s=0.125 upd 1200/3000 loss 0.2686 t=196s
05:32:48 train s=0.125 upd 1800/3000 loss 0.2368 t=292s
05:34:25 train s=0.125 upd 2400/3000 loss 0.2127 t=389s
05:36:01 train s=0.125 upd 3000/3000 loss 0.1761 t=486s
05:36:08 robust s=0.125 upd 50/3000 loss 2.1609 t=6s
05:36:35 robust s=0.125 upd 600/3000 loss 0.3144 t=32s
05:37:04 robust s=0.125 upd 1200/3000 loss 0.2687 t=61s
05:37:33 robust s=0.125 upd 1800/3000 loss 0.2427 t=90s
05:38:02 robust s=0.125 upd 2400/3000 loss 0.2194 t=120s
05:38:31 robust s=0.125 upd 3000/3000 loss 0.1828 t=148s
05:38:43 train s=0.25 upd 50/3000 loss 2.0520 t=11s
05:40:09 train s=0.25 upd 600/3000 loss 0.3163 t=98s
05:41:44 train s=0.25 upd 1200/3000 loss 0.2658 t=192s
05:43:19 train s=0.25 upd 1800/3000 loss 0.2356 t=287s
05:44:53 train s=0.25 upd 2400/3000 loss 0.2137 t=382s
05:46:31 train s=0.25 upd 3000/3000 loss 0.1749 t=479s
05:46:37 robust s=0.25 upd 50/3000 loss 2.2207 t=6s
05:47:05 robust s=0.25 upd 600/3000 loss 0.3313 t=33s
05:47:35 robust s=0.25 upd 1200/3000 loss 0.2819 t=63s
05:48:05 robust s=0.25 upd 1800/3000 loss 0.2482 t=93s
05:48:35 robust s=0.25 upd 2400/3000 loss 0.2293 t=123s
05:49:05 robust s=0.25 upd 3000/3000 loss 0.2017 t=153s
05:49:16 train s=0.5 upd 50/3000 loss 2.2122 t=11s
05:50:43 train s=0.5 upd 600/3000 loss 0.3175 t=98s
05:52:19 train s=0.5 upd 1200/3000 loss 0.2655 t=193s
05:53:54 train s=0.5 upd 1800/3000 loss 0.2352 t=289s
05:55:29 train s=0.5 upd 2400/3000 loss 0.2155 t=384s
05:57:04 train s=0.5 upd 3000/3000 loss 0.1759 t=478s
05:57:10 robust s=0.5 upd 50/3000 loss 2.5686 t=6s
05:57:36 robust s=0.5 upd 600/3000 loss 0.3912 t=32s
05:58:06 robust s=0.5 upd 1200/3000 loss 0.3242 t=62s
05:58:35 robust s=0.5 upd 1800/3000 loss 0.2848 t=91s
05:59:04 robust s=0.5 upd 2400/3000 loss 0.2625 t=120s
05:59:34 robust s=0.5 upd 3000/3000 loss 0.2399 t=150s
05:59:45 train s=1.0 upd 50/3000 loss 2.7795 t=11s
06:01:11 train s=1.0 upd 600/3000 loss 0.3537 t=97s
06:02:46 train s=1.0 upd 1200/3000 loss 0.2768 t=192s
06:04:21 train s=1.0 upd 1800/3000 loss 0.2401 t=287s
06:05:55 train s=1.0 upd 2400/3000 loss 0.2132 t=381s
06:07:29 train s=1.0 upd 3000/3000 loss 0.1765 t=475s
06:07:35 robust s=1.0 upd 50/3000 loss 3.7736 t=5s
06:08:02 robust s=1.0 upd 600/3000 loss 0.7426 t=32s
06:08:31 robust s=1.0 upd 1200/3000 loss 0.5253 t=61s
06:09:00 robust s=1.0 upd 1800/3000 loss 0.4216 t=90s
06:09:29 robust s=1.0 upd 2400/3000 loss 0.3780 t=120s
06:09:58 robust s=1.0 upd 3000/3000 loss 0.3250 t=149s
06:10:10 train s=2.0 upd 50/3000 loss 4.0216 t=11s
06:11:36 train s=2.0 upd 600/3000 loss 1.1889 t=97s
06:13:11 train s=2.0 upd 1200/3000 loss 0.8753 t=192s
06:14:45 train s=2.0 upd 1800/3000 loss 0.6088 t=286s
06:16:20 train s=2.0 upd 2400/3000 loss 0.3741 t=381s
06:17:55 train s=2.0 upd 3000/3000 loss 0.2062 t=476s
06:18:01 robust s=2.0 upd 50/3000 loss 5.5607 t=6s
06:18:28 robust s=2.0 upd 600/3000 loss 3.3891 t=33s
06:18:57 robust s=2.0 upd 1200/3000 loss 2.8278 t=62s
06:19:26 robust s=2.0 upd 1800/3000 loss 2.3733 t=91s
06:19:55 robust s=2.0 upd 2400/3000 loss 2.0230 t=120s
06:20:24 robust s=2.0 upd 3000/3000 loss 1.5658 t=148s
06:20:34 train s=4.0 upd 50/3000 loss 8.9081 t=10s
06:21:59 train s=4.0 upd 600/3000 loss 5.8411 t=95s
06:23:30 train s=4.0 upd 1200/3000 loss 4.8738 t=186s
06:25:02 train s=4.0 upd 1800/3000 loss 3.9000 t=278s
06:26:33 train s=4.0 upd 2400/3000 loss 2.7734 t=369s
06:28:05 train s=4.0 upd 3000/3000 loss 1.2772 t=461s
06:28:11 robust s=4.0 upd 50/3000 loss 8.5286 t=5s
06:28:37 robust s=4.0 upd 600/3000 loss 9.1488 t=32s
06:29:06 robust s=4.0 upd 1200/3000 loss 8.1468 t=61s
06:29:36 robust s=4.0 upd 1800/3000 loss 7.4164 t=90s
06:30:04 robust s=4.0 upd 2400/3000 loss 6.0733 t=119s
06:30:34 robust s=4.0 upd 3000/3000 loss 4.4099 t=149s
06:30:34 === stage port ===
06:31:17 port s=0.0 done
06:32:11 port s=0.125 done
06:33:06 port s=0.25 done
06:34:02 port s=0.5 done
06:34:56 port s=1.0 done
06:35:51 port s=2.0 done
06:36:45 port s=4.0 done
wrote C:\Users\MSI\Documents\GitHub\mortal-ai-study\mortal6\results\main\report/report.md
wrote C:\Users\MSI\Documents\GitHub\mortal-ai-study\mortal6\results\fashion\report/report.md
06:45:41 === stage ablate ===
06:45:52 ablate baseline upd 50/3000 loss 1.2297 t=7s
06:46:48 ablate baseline upd 600/3000 loss 0.2543 t=64s
06:47:49 ablate baseline upd 1200/3000 loss 0.2206 t=125s
06:48:51 ablate baseline upd 1800/3000 loss 0.2016 t=187s
06:49:52 ablate baseline upd 2400/3000 loss 0.1853 t=248s
06:50:54 ablate baseline upd 3000/3000 loss 0.1483 t=310s
06:51:16 ablate baseline: accA 0.9165 R 0.463
06:51:24 ablate no_gain upd 50/3000 loss 1.1549 t=8s
06:52:21 ablate no_gain upd 600/3000 loss 0.2496 t=65s
06:53:24 ablate no_gain upd 1200/3000 loss 0.2190 t=128s
06:54:27 ablate no_gain upd 1800/3000 loss 0.2011 t=190s
06:55:29 ablate no_gain upd 2400/3000 loss 0.1854 t=253s
06:56:32 ablate no_gain upd 3000/3000 loss 0.1492 t=315s
06:56:52 ablate no_gain: accA 0.9154 R 0.502
06:57:00 ablate no_offset upd 50/3000 loss 0.8839 t=8s
06:57:55 ablate no_offset upd 600/3000 loss 0.2519 t=63s
06:58:55 ablate no_offset upd 1200/3000 loss 0.2163 t=124s
06:59:56 ablate no_offset upd 1800/3000 loss 0.1974 t=184s
07:00:56 ablate no_offset upd 2400/3000 loss 0.1818 t=245s
07:01:57 ablate no_offset upd 3000/3000 loss 0.1458 t=305s
07:02:16 ablate no_offset: accA 0.9146 R 0.861
07:02:24 ablate no_node_gain upd 50/3000 loss 0.6593 t=8s
07:03:20 ablate no_node_gain upd 600/3000 loss 0.2572 t=64s
07:04:21 ablate no_node_gain upd 1200/3000 loss 0.2263 t=125s
07:05:23 ablate no_node_gain upd 1800/3000 loss 0.2024 t=186s
07:06:23 ablate no_node_gain upd 2400/3000 loss 0.1869 t=246s
07:07:22 ablate no_node_gain upd 3000/3000 loss 0.1498 t=306s
07:07:42 ablate no_node_gain: accA 0.9135 R 0.798
07:07:50 ablate no_node_offset upd 50/3000 loss 0.8705 t=8s
07:08:45 ablate no_node_offset upd 600/3000 loss 0.2499 t=63s
07:09:46 ablate no_node_offset upd 1200/3000 loss 0.2170 t=124s
07:10:50 ablate no_node_offset upd 1800/3000 loss 0.1943 t=188s
07:11:51 ablate no_node_offset upd 2400/3000 loss 0.1819 t=249s
07:12:52 ablate no_node_offset upd 3000/3000 loss 0.1475 t=310s
07:13:12 ablate no_node_offset: accA 0.9185 R 0.724
07:13:19 ablate no_T_spread upd 50/3000 loss 1.0320 t=8s
07:14:14 ablate no_T_spread upd 600/3000 loss 0.2530 t=62s
07:15:14 ablate no_T_spread upd 1200/3000 loss 0.2208 t=122s
07:16:14 ablate no_T_spread upd 1800/3000 loss 0.1978 t=183s
07:17:14 ablate no_T_spread upd 2400/3000 loss 0.1820 t=242s
07:18:14 ablate no_T_spread upd 3000/3000 loss 0.1480 t=302s
07:18:33 ablate no_T_spread: accA 0.9154 R 0.575
07:18:41 ablate only_gain upd 50/3000 loss 0.4952 t=8s
07:19:37 ablate only_gain upd 600/3000 loss 0.2554 t=63s
07:20:37 ablate only_gain upd 1200/3000 loss 0.2219 t=124s
07:21:37 ablate only_gain upd 1800/3000 loss 0.2019 t=184s
07:22:37 ablate only_gain upd 2400/3000 loss 0.1876 t=244s
07:23:37 ablate only_gain upd 3000/3000 loss 0.1471 t=304s
07:23:57 ablate only_gain: accA 0.9140 R 0.996
07:24:05 ablate only_node upd 50/3000 loss 0.8285 t=8s
07:25:01 ablate only_node upd 600/3000 loss 0.2506 t=64s
07:26:03 ablate only_node upd 1200/3000 loss 0.2170 t=126s
07:27:05 ablate only_node upd 1800/3000 loss 0.1966 t=188s
07:28:07 ablate only_node upd 2400/3000 loss 0.1821 t=250s
07:29:08 ablate only_node upd 3000/3000 loss 0.1476 t=311s
07:29:28 ablate only_node: accA 0.9162 R 0.908
07:29:36 ablate no_read_noise upd 50/3000 loss 1.1364 t=8s
07:30:32 ablate no_read_noise upd 600/3000 loss 0.2516 t=65s
07:31:34 ablate no_read_noise upd 1200/3000 loss 0.2184 t=126s
07:32:35 ablate no_read_noise upd 1800/3000 loss 0.1971 t=187s
07:33:37 ablate no_read_noise upd 2400/3000 loss 0.1788 t=249s
07:34:39 ablate no_read_noise upd 3000/3000 loss 0.1448 t=311s
07:34:58 ablate no_read_noise: accA 0.9158 R 0.520
07:35:06 ablate no_asymmetry upd 50/3000 loss 1.0535 t=8s
07:36:03 ablate no_asymmetry upd 600/3000 loss 0.2333 t=65s
07:37:06 ablate no_asymmetry upd 1200/3000 loss 0.1966 t=128s
07:38:08 ablate no_asymmetry upd 1800/3000 loss 0.1725 t=190s
07:39:11 ablate no_asymmetry upd 2400/3000 loss 0.1536 t=253s
07:40:14 ablate no_asymmetry upd 3000/3000 loss 0.1419 t=315s
07:40:33 ablate no_asymmetry: accA 0.9166 R 0.789
07:40:41 ablate quantized_64 upd 50/3000 loss 4.9409 t=8s
07:41:42 ablate quantized_64 upd 600/3000 loss 5.8129 t=69s
07:42:49 ablate quantized_64 upd 1200/3000 loss 5.1428 t=136s
07:43:52 ablate quantized_64 upd 1800/3000 loss 4.4166 t=199s
07:44:55 ablate quantized_64 upd 2400/3000 loss 3.3766 t=262s
07:45:59 ablate quantized_64 upd 3000/3000 loss 1.8070 t=326s
07:46:19 ablate quantized_64: accA 0.2808 R 1.849
07:46:27 ablate oracle_rule upd 50/3000 loss 1.3392 t=8s
07:47:23 ablate oracle_rule upd 600/3000 loss 0.2512 t=64s
07:48:25 ablate oracle_rule upd 1200/3000 loss 0.2203 t=126s
07:49:28 ablate oracle_rule upd 1800/3000 loss 0.1975 t=189s
07:50:30 ablate oracle_rule upd 2400/3000 loss 0.1838 t=251s
07:51:32 ablate oracle_rule upd 3000/3000 loss 0.1482 t=313s
07:51:52 ablate oracle_rule: accA 0.9163 R 0.405
07:51:59 ablate only_dynamic upd 50/3000 loss 0.4898 t=8s
07:52:55 ablate only_dynamic upd 600/3000 loss 0.2577 t=64s
07:53:57 ablate only_dynamic upd 1200/3000 loss 0.2251 t=125s
07:54:58 ablate only_dynamic upd 1800/3000 loss 0.2032 t=186s
07:55:59 ablate only_dynamic upd 2400/3000 loss 0.1889 t=248s
07:57:00 ablate only_dynamic upd 3000/3000 loss 0.1487 t=309s
07:57:20 ablate only_dynamic: accA 0.9140 R 1.000
07:57:28 ablate dyn_noise_x4 upd 50/3000 loss 1.1065 t=8s
07:58:24 ablate dyn_noise_x4 upd 600/3000 loss 0.3094 t=64s
07:59:25 ablate dyn_noise_x4 upd 1200/3000 loss 0.2946 t=124s
08:00:25 ablate dyn_noise_x4 upd 1800/3000 loss 0.2992 t=185s
08:01:25 ablate dyn_noise_x4 upd 2400/3000 loss 0.3273 t=245s
08:02:28 ablate dyn_noise_x4 upd 3000/3000 loss 0.3456 t=308s
08:02:48 ablate dyn_noise_x4: accA 0.8499 R 0.351
08:03:02 ablate dt_0.1 upd 50/3000 loss 1.0464 t=13s
08:05:01 ablate dt_0.1 upd 600/3000 loss 0.2510 t=133s
08:07:10 ablate dt_0.1 upd 1200/3000 loss 0.2180 t=262s
08:09:21 ablate dt_0.1 upd 1800/3000 loss 0.1988 t=393s
08:11:32 ablate dt_0.1 upd 2400/3000 loss 0.1842 t=524s
08:13:43 ablate dt_0.1 upd 3000/3000 loss 0.1478 t=655s
08:14:27 ablate dt_0.1: accA 0.9157 R 0.506
08:14:33 ablate dt_0.4 upd 50/3000 loss 1.3483 t=6s
08:15:15 ablate dt_0.4 upd 600/3000 loss 0.2504 t=49s
08:16:01 ablate dt_0.4 upd 1200/3000 loss 0.2192 t=94s
08:16:47 ablate dt_0.4 upd 1800/3000 loss 0.2034 t=140s
08:17:32 ablate dt_0.4 upd 2400/3000 loss 0.1873 t=186s
08:18:18 ablate dt_0.4 upd 3000/3000 loss 0.1476 t=231s
08:18:32 ablate dt_0.4: accA 0.9175 R 0.447
08:18:48 ablate H_512 upd 50/3000 loss 1.7522 t=13s
08:20:41 ablate H_512 upd 600/3000 loss 0.2972 t=126s
08:22:44 ablate H_512 upd 1200/3000 loss 0.2609 t=249s
08:24:46 ablate H_512 upd 1800/3000 loss 0.2383 t=371s
08:26:49 ablate H_512 upd 2400/3000 loss 0.2242 t=494s
08:28:56 ablate H_512 upd 3000/3000 loss 0.1727 t=621s
08:29:37 ablate H_512: accA 0.9126 R 0.209
wrote C:\Users\MSI\Documents\GitHub\mortal-ai-study\mortal6\results\main\report/report.md
wrote C:\Users\MSI\Documents\GitHub\mortal-ai-study\mortal6\results\fashion\report/report.md
ALL_DONE
