12:18:33 sigma_o=0.02 s=1.0 insitu upd 50/3000 loss 1.1427 t=7s
12:19:21 sigma_o=0.02 s=1.0 insitu upd 600/3000 loss 0.2481 t=55s
12:20:12 sigma_o=0.02 s=1.0 insitu upd 1200/3000 loss 0.2173 t=106s
12:21:04 sigma_o=0.02 s=1.0 insitu upd 1800/3000 loss 0.1973 t=158s
12:21:56 sigma_o=0.02 s=1.0 insitu upd 2400/3000 loss 0.1848 t=210s
12:22:47 sigma_o=0.02 s=1.0 insitu upd 3000/3000 loss 0.1463 t=261s
12:22:53 sigma_o=0.02 s=1.0 robust upd 50/3000 loss 3.4574 t=5s
12:23:17 sigma_o=0.02 s=1.0 robust upd 600/3000 loss 1.0441 t=29s
12:23:43 sigma_o=0.02 s=1.0 robust upd 1200/3000 loss 0.8988 t=55s
12:24:09 sigma_o=0.02 s=1.0 robust upd 1800/3000 loss 0.7739 t=81s
12:24:35 sigma_o=0.02 s=1.0 robust upd 2400/3000 loss 0.6489 t=107s
12:25:01 sigma_o=0.02 s=1.0 robust upd 3000/3000 loss 0.5908 t=133s
12:26:11 sigma_o=0.02 s=1.0 distill upd 50/1000 loss 1.1203 t=25s
12:27:19 sigma_o=0.02 s=1.0 distill upd 200/1000 loss 0.0912 t=93s
12:28:51 sigma_o=0.02 s=1.0 distill upd 400/1000 loss 0.0726 t=185s
12:30:21 sigma_o=0.02 s=1.0 distill upd 600/1000 loss 0.0611 t=275s
12:31:52 sigma_o=0.02 s=1.0 distill upd 800/1000 loss 0.0460 t=366s
12:33:24 sigma_o=0.02 s=1.0 distill upd 1000/1000 loss 0.0265 t=458s
12:33:47 sigma_o=0.02 s=1.0: port=0.212, robust_port=0.634, scratch=0.916, soft-ported@100=0.848, soft-ported@1000=0.897, soft-random@100=0.774, soft-random@1000=0.870, teacher_own=0.916
12:33:54 sigma_o=0.02 s=1.5 insitu upd 50/3000 loss 2.0348 t=7s
12:34:42 sigma_o=0.02 s=1.5 insitu upd 600/3000 loss 0.2707 t=55s
12:35:34 sigma_o=0.02 s=1.5 insitu upd 1200/3000 loss 0.2378 t=107s
12:36:27 sigma_o=0.02 s=1.5 insitu upd 1800/3000 loss 0.2125 t=160s
12:37:19 sigma_o=0.02 s=1.5 insitu upd 2400/3000 loss 0.1968 t=212s
12:38:12 sigma_o=0.02 s=1.5 insitu upd 3000/3000 loss 0.1528 t=265s
12:38:17 sigma_o=0.02 s=1.5 robust upd 50/3000 loss 4.9116 t=5s
12:38:39 sigma_o=0.02 s=1.5 robust upd 600/3000 loss 2.3388 t=28s
12:39:05 sigma_o=0.02 s=1.5 robust upd 1200/3000 loss 2.0406 t=53s
12:39:29 sigma_o=0.02 s=1.5 robust upd 1800/3000 loss 1.8118 t=78s
12:39:55 sigma_o=0.02 s=1.5 robust upd 2400/3000 loss 1.7995 t=103s
12:40:20 sigma_o=0.02 s=1.5 robust upd 3000/3000 loss 1.5581 t=128s
12:41:21 sigma_o=0.02 s=1.5 distill upd 50/1000 loss 2.4237 t=25s
12:42:29 sigma_o=0.02 s=1.5 distill upd 200/1000 loss 0.1211 t=92s
12:43:58 sigma_o=0.02 s=1.5 distill upd 400/1000 loss 0.0880 t=181s
12:45:27 sigma_o=0.02 s=1.5 distill upd 600/1000 loss 0.0703 t=270s
12:46:57 sigma_o=0.02 s=1.5 distill upd 800/1000 loss 0.0524 t=360s
12:48:27 sigma_o=0.02 s=1.5 distill upd 1000/1000 loss 0.0306 t=450s
12:48:50 sigma_o=0.02 s=1.5: port=0.134, robust_port=0.368, scratch=0.915, soft-ported@100=0.819, soft-ported@1000=0.892, soft-random@100=0.769, soft-random@1000=0.871, teacher_own=0.916
12:48:57 sigma_o=0.0025 s=1.0 insitu upd 50/3000 loss 1.0220 t=7s
12:49:44 sigma_o=0.0025 s=1.0 insitu upd 600/3000 loss 0.2489 t=54s
12:50:37 sigma_o=0.0025 s=1.0 insitu upd 1200/3000 loss 0.2156 t=107s
12:51:28 sigma_o=0.0025 s=1.0 insitu upd 1800/3000 loss 0.1976 t=158s
12:52:20 sigma_o=0.0025 s=1.0 insitu upd 2400/3000 loss 0.1824 t=210s
12:53:12 sigma_o=0.0025 s=1.0 insitu upd 3000/3000 loss 0.1460 t=262s
12:53:17 sigma_o=0.0025 s=1.0 robust upd 50/3000 loss 0.7591 t=5s
12:53:39 sigma_o=0.0025 s=1.0 robust upd 600/3000 loss 0.2867 t=27s
12:54:04 sigma_o=0.0025 s=1.0 robust upd 1200/3000 loss 0.2636 t=52s
12:54:29 sigma_o=0.0025 s=1.0 robust upd 1800/3000 loss 0.2479 t=77s
12:54:54 sigma_o=0.0025 s=1.0 robust upd 2400/3000 loss 0.2347 t=102s
12:55:18 sigma_o=0.0025 s=1.0 robust upd 3000/3000 loss 0.2116 t=127s
12:56:21 sigma_o=0.0025 s=1.0 distill upd 50/1000 loss 0.8971 t=25s
12:57:28 sigma_o=0.0025 s=1.0 distill upd 200/1000 loss 0.0883 t=92s
12:58:57 sigma_o=0.0025 s=1.0 distill upd 400/1000 loss 0.0693 t=181s
13:00:26 sigma_o=0.0025 s=1.0 distill upd 600/1000 loss 0.0576 t=270s
13:01:55 sigma_o=0.0025 s=1.0 distill upd 800/1000 loss 0.0435 t=359s
13:03:24 sigma_o=0.0025 s=1.0 distill upd 1000/1000 loss 0.0246 t=448s
13:03:47 sigma_o=0.0025 s=1.0: port=0.824, robust_port=0.893, scratch=0.917, soft-ported@100=0.866, soft-ported@1000=0.901, soft-random@100=0.778, soft-random@1000=0.874, teacher_own=0.918
13:03:54 sigma_o=0.0025 s=1.5 insitu upd 50/3000 loss 2.3179 t=7s
13:04:42 sigma_o=0.0025 s=1.5 insitu upd 600/3000 loss 0.2711 t=54s
13:05:34 sigma_o=0.0025 s=1.5 insitu upd 1200/3000 loss 0.2353 t=106s
13:06:25 sigma_o=0.0025 s=1.5 insitu upd 1800/3000 loss 0.2082 t=158s
13:07:17 sigma_o=0.0025 s=1.5 insitu upd 2400/3000 loss 0.1902 t=210s
13:08:08 sigma_o=0.0025 s=1.5 insitu upd 3000/3000 loss 0.1538 t=261s
13:08:13 sigma_o=0.0025 s=1.5 robust upd 50/3000 loss 1.9043 t=5s
13:08:36 sigma_o=0.0025 s=1.5 robust upd 600/3000 loss 0.3302 t=28s
13:09:03 sigma_o=0.0025 s=1.5 robust upd 1200/3000 loss 0.3026 t=54s
13:09:28 sigma_o=0.0025 s=1.5 robust upd 1800/3000 loss 0.2869 t=80s
13:09:54 sigma_o=0.0025 s=1.5 robust upd 2400/3000 loss 0.2711 t=105s
13:10:19 sigma_o=0.0025 s=1.5 robust upd 3000/3000 loss 0.2532 t=131s
13:11:22 sigma_o=0.0025 s=1.5 distill upd 50/1000 loss 1.8295 t=25s
13:12:30 sigma_o=0.0025 s=1.5 distill upd 200/1000 loss 0.1102 t=93s
13:14:01 sigma_o=0.0025 s=1.5 distill upd 400/1000 loss 0.0794 t=184s
13:15:32 sigma_o=0.0025 s=1.5 distill upd 600/1000 loss 0.0626 t=275s
13:17:04 sigma_o=0.0025 s=1.5 distill upd 800/1000 loss 0.0476 t=366s
13:18:34 sigma_o=0.0025 s=1.5 distill upd 1000/1000 loss 0.0274 t=456s
13:18:57 sigma_o=0.0025 s=1.5: port=0.573, robust_port=0.852, scratch=0.910, soft-ported@100=0.857, soft-ported@1000=0.895, soft-random@100=0.777, soft-random@1000=0.870, teacher_own=0.914
13:19:04 sigma_o=0.0025 s=2.0 insitu upd 50/3000 loss 3.1685 t=7s
13:19:52 sigma_o=0.0025 s=2.0 insitu upd 600/3000 loss 0.4218 t=55s
13:20:45 sigma_o=0.0025 s=2.0 insitu upd 1200/3000 loss 0.3225 t=108s
13:21:38 sigma_o=0.0025 s=2.0 insitu upd 1800/3000 loss 0.2512 t=161s
13:22:31 sigma_o=0.0025 s=2.0 insitu upd 2400/3000 loss 0.2054 t=214s
13:23:24 sigma_o=0.0025 s=2.0 insitu upd 3000/3000 loss 0.1639 t=267s
13:23:29 sigma_o=0.0025 s=2.0 robust upd 50/3000 loss 3.1492 t=5s
13:23:52 sigma_o=0.0025 s=2.0 robust upd 600/3000 loss 0.4038 t=28s
13:24:17 sigma_o=0.0025 s=2.0 robust upd 1200/3000 loss 0.3628 t=53s
13:24:43 sigma_o=0.0025 s=2.0 robust upd 1800/3000 loss 0.3354 t=79s
13:25:08 sigma_o=0.0025 s=2.0 robust upd 2400/3000 loss 0.3180 t=104s
13:25:33 sigma_o=0.0025 s=2.0 robust upd 3000/3000 loss 0.3059 t=129s
13:26:36 sigma_o=0.0025 s=2.0 distill upd 50/1000 loss 2.6444 t=25s
13:27:45 sigma_o=0.0025 s=2.0 distill upd 200/1000 loss 0.3329 t=93s
13:29:16 sigma_o=0.0025 s=2.0 distill upd 400/1000 loss 0.1946 t=184s
13:30:47 sigma_o=0.0025 s=2.0 distill upd 600/1000 loss 0.1122 t=276s
13:32:19 sigma_o=0.0025 s=2.0 distill upd 800/1000 loss 0.0632 t=368s
13:33:50 sigma_o=0.0025 s=2.0 distill upd 1000/1000 loss 0.0308 t=459s
13:34:14 sigma_o=0.0025 s=2.0: port=0.282, robust_port=0.801, scratch=0.907, soft-ported@100=0.845, soft-ported@1000=0.888, soft-random@100=0.781, soft-random@1000=0.858, teacher_own=0.906
# Distillation vs robust-copy under sigma_o calibration uncertainty

4+4 devices, 3 robust teachers per cell; distillation: 4x2 pairs, soft targets, 1000 updates. sigma_o = 0.01 rows are from the main study.

|   sigma_o |     s |   port |   robust_port |   scratch |   soft-ported@100 |   soft-ported@1000 |   soft-random@100 |   soft-random@1000 | distill100_minus_robust   |
|----------:|------:|-------:|--------------:|----------:|------------------:|-------------------:|------------------:|-------------------:|:--------------------------|
|     0.003 | 1.000 |  0.824 |         0.893 |     0.917 |             0.866 |              0.901 |             0.778 |              0.874 | -0.027 [-0.034, -0.016]   |
|     0.003 | 1.500 |  0.573 |         0.852 |     0.910 |             0.857 |              0.895 |             0.777 |              0.870 | +0.005 [-0.011, +0.021]   |
|     0.003 | 2.000 |  0.282 |         0.801 |     0.907 |             0.845 |              0.888 |             0.781 |              0.858 | +0.044 [+0.015, +0.070]   |
|     0.010 | 0.500 |  0.891 |         0.896 |     0.914 |             0.870 |              0.902 |             0.781 |              0.868 | nan                       |
|     0.010 | 1.000 |  0.532 |         0.828 |     0.915 |             0.863 |              0.901 |             0.780 |              0.875 | nan                       |
|     0.010 | 2.000 |  0.113 |         0.470 |     0.903 |             0.811 |              0.882 |             0.754 |              0.852 | nan                       |
|     0.020 | 0.500 |  0.750 |         0.852 |     0.916 |             0.868 |              0.900 |             0.778 |              0.870 | +0.016 [+0.005, +0.034]   |
|     0.020 | 1.000 |  0.212 |         0.634 |     0.916 |             0.848 |              0.897 |             0.774 |              0.870 | +0.214 [+0.160, +0.269]   |
|     0.020 | 1.500 |  0.134 |         0.368 |     0.915 |             0.819 |              0.892 |             0.769 |              0.871 | +0.451 [+0.393, +0.527]   |
