08:58:46 sens sigma_o=0.0025 s=0.5 upd 50/3000 loss 0.5229 t=8s
08:59:45 sens sigma_o=0.0025 s=0.5 upd 600/3000 loss 0.2533 t=66s
09:00:49 sens sigma_o=0.0025 s=0.5 upd 1200/3000 loss 0.2201 t=130s
09:01:54 sens sigma_o=0.0025 s=0.5 upd 1800/3000 loss 0.2001 t=195s
09:02:58 sens sigma_o=0.0025 s=0.5 upd 2400/3000 loss 0.1863 t=259s
09:04:02 sens sigma_o=0.0025 s=0.5 upd 3000/3000 loss 0.1473 t=324s
09:04:27 sens sigma_o=0.0025 s=0.5: accA 0.9165 accS 0.9150 port 0.9001 R 0.980
09:04:36 sens sigma_o=0.0025 s=1.0 upd 50/3000 loss 1.1365 t=8s
09:05:34 sens sigma_o=0.0025 s=1.0 upd 600/3000 loss 0.2526 t=66s
09:06:36 sens sigma_o=0.0025 s=1.0 upd 1200/3000 loss 0.2180 t=129s
09:07:38 sens sigma_o=0.0025 s=1.0 upd 1800/3000 loss 0.1939 t=191s
09:08:41 sens sigma_o=0.0025 s=1.0 upd 2400/3000 loss 0.1817 t=253s
09:09:43 sens sigma_o=0.0025 s=1.0 upd 3000/3000 loss 0.1469 t=316s
09:10:03 sens sigma_o=0.0025 s=1.0: accA 0.9128 accS 0.9155 port 0.7922 R 0.852
09:10:11 sens sigma_o=0.0025 s=1.5 upd 50/3000 loss 1.9538 t=8s
09:11:08 sens sigma_o=0.0025 s=1.5 upd 600/3000 loss 0.2655 t=65s
09:12:11 sens sigma_o=0.0025 s=1.5 upd 1200/3000 loss 0.2267 t=127s
09:13:13 sens sigma_o=0.0025 s=1.5 upd 1800/3000 loss 0.2022 t=189s
09:14:15 sens sigma_o=0.0025 s=1.5 upd 2400/3000 loss 0.1830 t=252s
09:15:18 sens sigma_o=0.0025 s=1.5 upd 3000/3000 loss 0.1485 t=314s
09:15:38 sens sigma_o=0.0025 s=1.5: accA 0.9148 accS 0.9124 port 0.5726 R 0.580
09:15:47 sens sigma_o=0.0025 s=2.0 upd 50/3000 loss 3.4550 t=8s
09:16:44 sens sigma_o=0.0025 s=2.0 upd 600/3000 loss 0.5143 t=65s
09:17:48 sens sigma_o=0.0025 s=2.0 upd 1200/3000 loss 0.3841 t=129s
09:18:57 sens sigma_o=0.0025 s=2.0 upd 1800/3000 loss 0.3007 t=198s
09:20:04 sens sigma_o=0.0025 s=2.0 upd 2400/3000 loss 0.2214 t=265s
09:21:07 sens sigma_o=0.0025 s=2.0 upd 3000/3000 loss 0.1749 t=328s
09:21:27 sens sigma_o=0.0025 s=2.0: accA 0.9055 accS 0.9046 port 0.2323 R 0.164
09:21:35 sens sigma_o=0.0025 s=3.0 upd 50/3000 loss 6.0952 t=8s
09:22:34 sens sigma_o=0.0025 s=3.0 upd 600/3000 loss 3.3327 t=66s
09:23:37 sens sigma_o=0.0025 s=3.0 upd 1200/3000 loss 2.6001 t=130s
09:24:41 sens sigma_o=0.0025 s=3.0 upd 1800/3000 loss 1.9423 t=194s
09:25:45 sens sigma_o=0.0025 s=3.0 upd 2400/3000 loss 1.2426 t=258s
09:26:48 sens sigma_o=0.0025 s=3.0 upd 3000/3000 loss 0.5098 t=321s
09:27:09 sens sigma_o=0.0025 s=3.0: accA 0.6805 accS 0.6348 port 0.1013 R 0.033
09:27:18 sens sigma_o=0.005 s=0.5 upd 50/3000 loss 0.5450 t=9s
09:28:18 sens sigma_o=0.005 s=0.5 upd 600/3000 loss 0.2514 t=69s
09:29:23 sens sigma_o=0.005 s=0.5 upd 1200/3000 loss 0.2208 t=134s
09:30:27 sens sigma_o=0.005 s=0.5 upd 1800/3000 loss 0.1978 t=198s
09:31:32 sens sigma_o=0.005 s=0.5 upd 2400/3000 loss 0.1823 t=264s
09:32:37 sens sigma_o=0.005 s=0.5 upd 3000/3000 loss 0.1470 t=328s
09:32:57 sens sigma_o=0.005 s=0.5: accA 0.9130 accS 0.9151 port 0.8958 R 0.979
09:33:06 sens sigma_o=0.005 s=1.0 upd 50/3000 loss 1.0702 t=8s
09:34:05 sens sigma_o=0.005 s=1.0 upd 600/3000 loss 0.2487 t=67s
09:35:09 sens sigma_o=0.005 s=1.0 upd 1200/3000 loss 0.2172 t=131s
09:36:13 sens sigma_o=0.005 s=1.0 upd 1800/3000 loss 0.2010 t=195s
09:37:16 sens sigma_o=0.005 s=1.0 upd 2400/3000 loss 0.1850 t=258s
09:38:20 sens sigma_o=0.005 s=1.0 upd 3000/3000 loss 0.1493 t=322s
09:38:40 sens sigma_o=0.005 s=1.0: accA 0.9146 accS 0.9147 port 0.7230 R 0.765
09:38:48 sens sigma_o=0.005 s=1.5 upd 50/3000 loss 2.2902 t=8s
09:39:47 sens sigma_o=0.005 s=1.5 upd 600/3000 loss 0.2810 t=67s
09:40:52 sens sigma_o=0.005 s=1.5 upd 1200/3000 loss 0.2347 t=131s
09:41:56 sens sigma_o=0.005 s=1.5 upd 1800/3000 loss 0.2095 t=196s
09:43:00 sens sigma_o=0.005 s=1.5 upd 2400/3000 loss 0.1863 t=259s
09:44:04 sens sigma_o=0.005 s=1.5 upd 3000/3000 loss 0.1539 t=324s
09:44:25 sens sigma_o=0.005 s=1.5: accA 0.9117 accS 0.9119 port 0.3642 R 0.326
09:44:33 sens sigma_o=0.005 s=2.0 upd 50/3000 loss 3.2389 t=8s
09:45:33 sens sigma_o=0.005 s=2.0 upd 600/3000 loss 0.4367 t=67s
09:46:37 sens sigma_o=0.005 s=2.0 upd 1200/3000 loss 0.3309 t=131s
09:47:41 sens sigma_o=0.005 s=2.0 upd 1800/3000 loss 0.2603 t=195s
09:48:45 sens sigma_o=0.005 s=2.0 upd 2400/3000 loss 0.2143 t=260s
09:49:50 sens sigma_o=0.005 s=2.0 upd 3000/3000 loss 0.1721 t=324s
09:50:11 sens sigma_o=0.005 s=2.0: accA 0.9044 accS 0.9061 port 0.1846 R 0.105
09:50:20 sens sigma_o=0.005 s=3.0 upd 50/3000 loss 6.8325 t=9s
09:51:17 sens sigma_o=0.005 s=3.0 upd 600/3000 loss 3.6669 t=66s
09:52:20 sens sigma_o=0.005 s=3.0 upd 1200/3000 loss 2.9181 t=129s
09:53:23 sens sigma_o=0.005 s=3.0 upd 1800/3000 loss 2.1798 t=192s
09:54:26 sens sigma_o=0.005 s=3.0 upd 2400/3000 loss 1.3507 t=255s
09:55:29 sens sigma_o=0.005 s=3.0 upd 3000/3000 loss 0.4860 t=318s
09:55:50 sens sigma_o=0.005 s=3.0: accA 0.7281 accS 0.7728 port 0.1117 R 0.021
09:55:58 sens sigma_o=0.02 s=0.5 upd 50/3000 loss 0.6579 t=8s
09:56:57 sens sigma_o=0.02 s=0.5 upd 600/3000 loss 0.2554 t=67s
09:58:01 sens sigma_o=0.02 s=0.5 upd 1200/3000 loss 0.2199 t=130s
09:59:04 sens sigma_o=0.02 s=0.5 upd 1800/3000 loss 0.2015 t=194s
10:00:09 sens sigma_o=0.02 s=0.5 upd 2400/3000 loss 0.1851 t=258s
10:01:12 sens sigma_o=0.02 s=0.5 upd 3000/3000 loss 0.1485 t=322s
10:01:33 sens sigma_o=0.02 s=0.5: accA 0.9150 accS 0.9131 port 0.7626 R 0.813
10:01:42 sens sigma_o=0.02 s=1.0 upd 50/3000 loss 1.3571 t=8s
10:02:43 sens sigma_o=0.02 s=1.0 upd 600/3000 loss 0.2530 t=69s
10:03:46 sens sigma_o=0.02 s=1.0 upd 1200/3000 loss 0.2194 t=132s
10:04:50 sens sigma_o=0.02 s=1.0 upd 1800/3000 loss 0.2007 t=197s
10:05:54 sens sigma_o=0.02 s=1.0 upd 2400/3000 loss 0.1852 t=261s
10:06:59 sens sigma_o=0.02 s=1.0 upd 3000/3000 loss 0.1469 t=325s
10:07:19 sens sigma_o=0.02 s=1.0: accA 0.9164 accS 0.9154 port 0.2268 R 0.155
10:07:27 sens sigma_o=0.02 s=1.5 upd 50/3000 loss 2.2247 t=8s
10:08:26 sens sigma_o=0.02 s=1.5 upd 600/3000 loss 0.2702 t=66s
10:09:29 sens sigma_o=0.02 s=1.5 upd 1200/3000 loss 0.2337 t=130s
10:10:32 sens sigma_o=0.02 s=1.5 upd 1800/3000 loss 0.2110 t=193s
10:11:35 sens sigma_o=0.02 s=1.5 upd 2400/3000 loss 0.1870 t=256s
10:12:39 sens sigma_o=0.02 s=1.5 upd 3000/3000 loss 0.1537 t=320s
10:13:00 sens sigma_o=0.02 s=1.5: accA 0.9145 accS 0.9137 port 0.1159 R 0.019
10:13:08 sens sigma_o=0.02 s=2.0 upd 50/3000 loss 3.7131 t=8s
10:14:05 sens sigma_o=0.02 s=2.0 upd 600/3000 loss 0.4998 t=65s
10:15:07 sens sigma_o=0.02 s=2.0 upd 1200/3000 loss 0.3841 t=128s
10:16:12 sens sigma_o=0.02 s=2.0 upd 1800/3000 loss 0.2942 t=192s
10:17:15 sens sigma_o=0.02 s=2.0 upd 2400/3000 loss 0.2322 t=255s
10:18:18 sens sigma_o=0.02 s=2.0 upd 3000/3000 loss 0.1772 t=318s
10:18:38 sens sigma_o=0.02 s=2.0: accA 0.9059 accS 0.9080 port 0.0797 R -0.025
10:18:46 sens sigma_o=0.02 s=3.0 upd 50/3000 loss 7.2928 t=8s
10:19:44 sens sigma_o=0.02 s=3.0 upd 600/3000 loss 4.3160 t=66s
10:20:48 sens sigma_o=0.02 s=3.0 upd 1200/3000 loss 3.5461 t=129s
10:21:51 sens sigma_o=0.02 s=3.0 upd 1800/3000 loss 2.7696 t=192s
10:22:54 sens sigma_o=0.02 s=3.0 upd 2400/3000 loss 1.8794 t=256s
10:23:58 sens sigma_o=0.02 s=3.0 upd 3000/3000 loss 0.8349 t=319s
10:24:18 sens sigma_o=0.02 s=3.0: accA 0.5990 accS 0.6683 port 0.0871 R -0.029
Traceback (most recent call last):
  File "C:\Users\MSI\Documents\GitHub\mortal-ai-study\mortal6\run_sensitivity.py", line 124, in <module>
    report(st)
  File "C:\Users\MSI\Documents\GitHub\mortal-ai-study\mortal6\run_sensitivity.py", line 117, in report
    print("\n".join(lines))
  File "C:\Users\MSI\AppData\Local\Programs\Python\Python312\Lib\encodings\cp1256.py", line 19, in encode
    return codecs.charmap_encode(input,self.errors,encoding_table)[0]
           ^^^^^^^^^^^^^^^^^^^^^^^^^^^^^^^^^^^^^^^^^^^^^^^^^^^^^^^
UnicodeEncodeError: 'charmap' codec can't encode character '\u03c3' in position 50: character maps to <undefined>
